// Jest Snapshot v1, https://goo.gl/fbAQLP

exports[`Feedback component (1) Default render 1`] = `
<div
  className="feedback-container"
  onMouseEnter={[Function]}
  onMouseLeave={[Function]}
/>
`;

exports[`Feedback component displays a success message 1`] = `
<div
  className="feedback-container"
  onMouseEnter={[Function]}
  onMouseLeave={[Function]}
/>
`;

exports[`Feedback component displays an error message 1`] = `
<div
  className="feedback-container"
  onMouseEnter={[Function]}
  onMouseLeave={[Function]}
/>
`;

exports[`Feedback component displays an info message 1`] = `
<div
  className="feedback-container"
  onMouseEnter={[Function]}
  onMouseLeave={[Function]}
/>
`;

exports[`Feedback component renders correctly 1`] = `
<div
  className="feedback-container"
  onMouseEnter={[Function]}
  onMouseLeave={[Function]}
/>
`;
