// Jest Snapshot v1, https://goo.gl/fbAQLP

exports[`1- default state 1`] = `""`;

exports[`2- Set Act 1`] = `"swcdwedk23e21dwedewfckoefp"`;
