// Jest Snapshot v1, https://goo.gl/fbAQLP

exports[`(1) Render 1`] = `
<div
  className="container-no-message"
>
  No data found!
</div>
`;

exports[`Renders a message 1`] = `
<div
  className="container-no-message"
>
  No data found!
</div>
`;
