// Jest Snapshot v1, https://goo.gl/fbAQLP

exports[`(1) Empty list 1`] = `
<div
  className="discussion"
/>
`;
