// Jest Snapshot v1, https://goo.gl/fbAQLP

exports[`(1) Default 1`] = `
<div
  className="viewLayouts"
/>
`;

exports[`(2) Toggled 1`] = `
<div
  className="viewLayouts"
/>
`;
