// Jest Snapshot v1, https://goo.gl/fbAQLP

exports[`(1) Default render 1`] = `
<div
  className="avatar-fixed"
  id="avatar-fixed"
>
  <div
    className="first-line"
  >
    <span
      className="avatar"
    >
      <a
        className="author-avatar"
        href="/@demodemo"
        onClick={[Function]}
      >
        <span
          className="user-avatar medium"
          style={
            Object {
              "backgroundImage": "url(https://images.ecency.com/u/demodemo/avatar/medium)",
            }
          }
        />
      </a>
    </span>
    <span
      className="user-info"
    >
      <div
        className="info-line-1"
      >
        <a
          className="author notranslate"
          href="/@demodemo"
          onClick={[Function]}
        >
          <span
            className="author-name"
          >
            <span
              itemProp="author"
              itemScope={true}
              itemType="http://schema.org/Person"
            >
              <span
                itemProp="name"
              >
                demodemo
              </span>
            </span>
          </span>
          <span
            className="author-reputation"
          >
            (
            25
            )
          </span>
        </a>
      </div>
    </span>
  </div>
  <div
    className="second-line"
  >
    <div
      className="entry-tag"
    >
      <div
        className="name"
      >
        
      </div>
      
    </div>
  </div>
  <div
    className="social-wrapper"
  >
    <button
      className="btn btn-primary"
      disabled={false}
      onClick={[Function]}
      style={
        Object {
          "marginRight": "5px",
        }
      }
      type="button"
    >
      Follow
    </button>
    <button
      className="btn btn-primary"
      disabled={false}
      onClick={[Function]}
      type="button"
    >
      Mute
    </button>
  </div>
</div>
`;
