// Jest Snapshot v1, https://goo.gl/fbAQLP

exports[`(1) Default render 1`] = `
Array [
  <div
    className="available-credits d-flex align-items-center justify-content-between w-100 pr-2"
  >
    <div
      className="available-credits-bar w-100 undefined danger"
      onBlur={[Function]}
      onFocus={[Function]}
      onMouseLeave={[Function]}
      onMouseOver={[Function]}
    >
      <div
        className="progress"
      >
        <div
          className="indicator danger"
          style={
            Object {
              "width": "0%",
            }
          }
        />
      </div>
    </div>
    <div
      className="btn btn-link px-0"
      onClick={[Function]}
    >
      Boost
    </div>
  </div>,
  <div
    className="available-credits-bar-popper "
    style={
      Object {
        "left": "0",
        "position": "absolute",
        "top": "0",
      }
    }
  >
    <div>
      <div
        className="p-2"
      >
        <span
          className="opacity-75"
        >
          Resource credits
        </span>
        <div>
          0
          (
          0
          %)
        </div>
        <div>
          <small>
            (fully charged a few seconds ago)
          </small>
        </div>
      </div>
      <div
        className="delegations d-flex flex-column p-2"
      >
        <span
          className="incoming mb-1"
        >
          <div
            className="opacity-75"
          >
            Delegations in
          </div>
          0
        </span>
        <span
          className="outgoing"
        >
          <div
            className="opacity-75"
          >
            Delegations out
          </div>
          0
        </span>
      </div>
    </div>
    <div
      className="extra-details p-2"
    >
      <span
        className="d-block mb-2 opacity-5"
      >
        What you can do with RC?
      </span>
      <div
        className="extras"
      >
        <div
          className="mb-1"
        >
          <div
            className="opacity-75"
          >
            Posts/Comments
          </div>
          0
        </div>
        <div
          className="two-col"
        >
          <div
            className="mb-1"
          >
            <div
              className="opacity-75"
            >
              Votes
            </div>
            0
          </div>
          <div>
            <div
              className="opacity-75"
            >
              Transfers
            </div>
            0
          </div>
        </div>
      </div>
    </div>
  </div>,
]
`;
