// Jest Snapshot v1, https://goo.gl/fbAQLP

exports[`(1) Default render 1`] = `
<a
  href="/hot/bitcoin"
  onClick={[Function]}
>
  bitcoin
</a>
`;
